Removed Pin From Net: NetName=3.3V Pin=AC1-12
Removed Pin From Net: NetName=3.3V Pin=C2-1
Removed Pin From Net: NetName=3.3V Pin=C3-1
Removed Pin From Net: NetName=GND Pin=C3-2
Removed Pin From Net: NetName=3.3V Pin=C4-1
Removed Pin From Net: NetName=GND Pin=C4-2
Removed Pin From Net: NetName=12V Pin=C5-1
Removed Pin From Net: NetName=12V Pin=C6-1
Removed Pin From Net: NetName=12V Pin=C7-1
Removed Pin From Net: NetName=12V Pin=C8-1
Removed Pin From Net: NetName=12V Pin=C9-1
Removed Pin From Net: NetName=12V Pin=C10-1
Removed Pin From Net: NetName=3.3V Pin=C30-1
Removed Pin From Net: NetName=3.3V Pin=C31-1
Removed Pin From Net: NetName=Battery Pin=IC1-12
Removed Pin From Net: NetName=GPIO1 Pin=IC1-16
Removed Pin From Net: NetName=GPIO2 Pin=IC1-22
Removed Pin From Net: NetName=GPIO3 Pin=IC1-23
Removed Pin From Net: NetName=GPIO4 Pin=IC1-24
Removed Pin From Net: NetName=GPIO5 Pin=IC1-25
Removed Pin From Net: NetName=GPIO6 Pin=IC1-26
Removed Pin From Net: NetName=GPIO7 Pin=IC1-28
Removed Pin From Net: NetName=3.3V Pin=IC2-4
Removed Pin From Net: NetName=12V Pin=IC2-5
Removed Pin From Net: NetName=GND Pin=IC2-9
Removed Pin From Net: NetName=PWM3 Pin=IC3-2
Removed Pin From Net: NetName=PWM4 Pin=IC3-3
Removed Pin From Net: NetName=PWM5 Pin=IC4-2
Removed Pin From Net: NetName=PWM6 Pin=IC4-3
Removed Pin From Net: NetName=EN Pin=J1-1
Removed Pin From Net: NetName=3.3V Pin=J1-2
Removed Pin From Net: NetName=TXD0 Pin=J1-3
Removed Pin From Net: NetName=GND Pin=J1-4
Removed Pin From Net: NetName=RXD0 Pin=J1-5
Removed Pin From Net: NetName=IO0 Pin=J1-6
Removed Pin From Net: NetName=GPIO1 Pin=J3-5
Removed Pin From Net: NetName=GPIO2 Pin=J3-6
Removed Pin From Net: NetName=GPIO3 Pin=J3-7
Removed Pin From Net: NetName=GPIO4 Pin=J3-8
Removed Pin From Net: NetName=GPIO5 Pin=J3-9
Removed Pin From Net: NetName=GPIO6 Pin=J3-10
Removed Pin From Net: NetName=GPIO7 Pin=J3-11
Removed Pin From Net: NetName=USB_D- Pin=J4-2
Removed Pin From Net: NetName=USB_D+ Pin=J4-3
Removed Pin From Net: NetName=GND Pin=J4-5
Removed Pin From Net: NetName=GND Pin=J4-MP2
Removed Pin From Net: NetName=GND Pin=J4-MP3
Removed Pin From Net: NetName=GND Pin=J4-MP4
Removed Pin From Net: NetName=GND Pin=J4-MP5
Removed Pin From Net: NetName=GND Pin=J4-MP6
Removed Pin From Net: NetName=SCL Pin=R1-1
Removed Pin From Net: NetName=3.3V Pin=R1-2
Removed Pin From Net: NetName=SDA Pin=R3-1
Removed Pin From Net: NetName=3.3V Pin=R3-2
Removed Pin From Net: NetName=GND Pin=R7-1
Removed Pin From Net: NetName=NetIC3_7 Pin=R7-2
Removed Pin From Net: NetName=GND Pin=R8-1
Removed Pin From Net: NetName=NetIC4_7 Pin=R8-2
Removed Pin From Net: NetName=EN Pin=R16-1
Removed Pin From Net: NetName=IO0 Pin=R17-1
Removed Pin From Net: NetName=GND Pin=S1-1
Removed Pin From Net: NetName=GND Pin=S1-2
Removed Pin From Net: NetName=GND Pin=S-1
Removed Pin From Net: NetName=GND Pin=S-2
Removed Pin From Net: NetName=NetCon4_1 Pin=SW1-1
Removed Pin From Net: NetName=NetCon4_1 Pin=SW1-2
Removed Pin From Net: NetName=12V Pin=SW1-7
Removed Pin From Net: NetName=12V Pin=SW1-8
Removed Member From Class: ClassName=MCU_LF Member=AC1
Removed Member From Class: ClassName=MCU_LF Member=C2
Removed Member From Class: ClassName=MCU_LF Member=C3
Removed Member From Class: ClassName=MCU_LF Member=C4
Removed Member From Class: ClassName=Drivers Member=C7
Removed Member From Class: ClassName=Drivers Member=C8
Removed Member From Class: ClassName=MCU_LF Member=C27
Removed Member From Class: ClassName=MCU_LF Member=C28
Removed Member From Class: ClassName=Drivers Member=C29
Removed Member From Class: ClassName=Drivers Member=CON1
Removed Member From Class: ClassName=Drivers Member=CON2
Removed Member From Class: ClassName=Drivers Member=CON3
Removed Member From Class: ClassName=Drivers Member=IC2
Removed Member From Class: ClassName=Power-line Member=IC7
Removed Member From Class: ClassName=MCU_LF Member=J1
Removed Member From Class: ClassName=Power-line Member=J4
Removed Member From Class: ClassName=MCU_LF Member=R1
Removed Member From Class: ClassName=MCU_LF Member=R3
Removed Member From Class: ClassName=Drivers Member=R6
Removed Member From Class: ClassName=MCU_LF Member=S1
Removed Member From Class: ClassName=MCU_LF Member=S
Removed Member From Class: ClassName=Power-line Member=SW1
Change Component Footprint: Designator=J4 Old Footprint=0473461001 New Footprint=USB4500030A
Change Component Footprint: Designator=J1 Old Footprint=09185066324 New Footprint=0473461001
Change Component Footprint: Designator=C30 Old Footprint=C 0402 New Footprint=C 0603
Change Component Footprint: Designator=C31 Old Footprint=C 0402 New Footprint=C 1206
Change Component Footprint: Designator=C6 Old Footprint=C 1206 New Footprint=C 0402
Change Component Footprint: Designator=C8 Old Footprint=C 1206 New Footprint=C 0402
Change Component Footprint: Designator=C10 Old Footprint=C 1206 New Footprint=C 0402
Change Component Footprint: Designator=S1 Old Footprint=PTS810SJG250SMTRLFS New Footprint=CLSB22B01T
Change Component Footprint: Designator=R6 Old Footprint=R 1206 New Footprint=R 0402
Change Component Footprint: Designator=IC2 Old Footprint=SOIC127P600X170-9N New Footprint=ADS1115IRUGR
Change Component Comment : Designator=C7 Old Comment=0.1uF New Comment=10uF
Change Component Comment : Designator=C31 Old Comment=0.1uF New Comment=47uF
Change Component Comment : Designator=C5 Old Comment=0.1uF New Comment=100nF
Change Component Comment : Designator=C9 Old Comment=0.1uF New Comment=100nF
Change Component Comment : Designator=C29 Old Comment=0.1uF New Comment=100nF
Change Component Comment : Designator=C2 Old Comment=1uF New Comment=10uF
Change Component Comment : Designator=C3 Old Comment=1uF New Comment=100nF
Change Component Comment : Designator=R7 Old Comment=5R New Comment=0.05R
Change Component Comment : Designator=R8 Old Comment=5R New Comment=0.05R
Change Component Comment : Designator=R6 Old Comment=5R New Comment=10k
Change Component Comment : Designator=R3 Old Comment=10k New Comment=1k
Change Component Comment : Designator=R1 Old Comment=10k New Comment=100k
Change Component Comment : Designator=C8 Old Comment=47uF New Comment=10uF
Change Component Comment : Designator=C6 Old Comment=47uF New Comment=100nF
Change Component Comment : Designator=C10 Old Comment=47uF New Comment=100nF
Change Component Comment : Designator=C1 Old Comment=100nF New Comment=0.1uF
Change Component Comment : Designator=C28 Old Comment=100nF New Comment=1uF
Change Component Comment : Designator=R16 Old Comment=100R New Comment=10k
Change Component Comment : Designator=R17 Old Comment=100R New Comment=160
Change Component Comment : Designator=J4 Old Comment=0473461001 New Comment=USB4500-03-0-A
Change Component Comment : Designator=J1 Old Comment=09185066324 New Comment=0473461001
Change Component Comment : Designator=IC2 Old Comment=DRV8251DDAR New Comment=ADS1115IRUGR
Change Component Comment : Designator=S1 Old Comment=PTS810SJK250SMTRLFS New Comment=CL-SB-22B-01T
Change component parameters: Designator = "IC2" ("IC2"); Footprint = "SOIC127P600X170-9N"; UniqueID = "\OEJXPBEJ" ("\OEJXPBEJ")
Change component parameters (AddParameter): Name = "Arrow Part Number"; Value = "ADS1115IRUGR"; VariantName = "[No Variations]"
Change component parameters (AddParameter): Name = "Arrow Price/Stock"; Value = "https://www.arrow.com/en/products/ads1115irugr/texas-instruments?region=nac"; VariantName = "[No Variations]"
Change component parameters (AddParameter): Name = "Datasheet Link"; Value = "https://www.ti.com/lit/ds/symlink/ads1115.pdf?ts=1601235703022&ref_url=https%253A%252F%252Fwww.ti.com%252Fproduct%252FADS1115%253FkeyMatch%253DADS1115IRUGR%2526tisearch%253DSearch-EN-everything%2526usecase%253DOPN"; VariantName = "[No Variations]"
Change component parameters (AddParameter): Name = "Height"; Value = "0.4mm"; VariantName = "[No Variations]"
Change component parameters (AddParameter): Name = "Manufacturer_Name"; Value = "Texas Instruments"; VariantName = "[No Variations]"
Change component parameters (AddParameter): Name = "Manufacturer_Part_Number"; Value = "ADS1115IRUGR"; VariantName = "[No Variations]"
Change component parameters (AddParameter): Name = "Mouser Part Number"; Value = "595-ADS1115IRUGR"; VariantName = "[No Variations]"
Change component parameters (AddParameter): Name = "Mouser Price/Stock"; Value = "https://www.mouser.co.uk/ProductDetail/Texas-Instruments/ADS1115IRUGR?qs=IK5e5L0zOXhqw%2F8AHSSbuA%3D%3D"; VariantName = "[No Variations]"
Change component parameters: Designator = "J1" ("J1"); Footprint = "09185066324"; UniqueID = "\UBNQWGYM" ("\UBNQWGYM")
Change component parameters (AddParameter): Name = "Arrow Part Number"; Value = "0473461001"; VariantName = "[No Variations]"
Change component parameters (AddParameter): Name = "Arrow Price/Stock"; Value = "https://www.arrow.com/en/products/0473461001/molex?region=nac"; VariantName = "[No Variations]"
Change component parameters (AddParameter): Name = "Datasheet Link"; Value = "https://componentsearchengine.com/Datasheets/1/0473461001.pdf"; VariantName = "[No Variations]"
Change component parameters (AddParameter): Name = "Height"; Value = "2.45mm"; VariantName = "[No Variations]"
Change component parameters (AddParameter): Name = "Manufacturer_Name"; Value = "Molex"; VariantName = "[No Variations]"
Change component parameters (AddParameter): Name = "Manufacturer_Part_Number"; Value = "0473461001"; VariantName = "[No Variations]"
Change component parameters (AddParameter): Name = "Mouser Part Number"; Value = "N/A"; VariantName = "[No Variations]"
Change component parameters (AddParameter): Name = "Mouser Price/Stock"; Value = "https://www.mouser.co.uk/ProductDetail/Molex/0473461001?qs=2bnkQPT%252BPafTZgGVt%2FOGfA%3D%3D"; VariantName = "[No Variations]"
Change component parameters: Designator = "J4" ("J4"); Footprint = "0473461001"; UniqueID = "\FBVNDLKE" ("\FBVNDLKE")
Change component parameters (AddParameter): Name = "Arrow Part Number"; Value = ""; VariantName = "[No Variations]"
Change component parameters (AddParameter): Name = "Arrow Price/Stock"; Value = ""; VariantName = "[No Variations]"
Change component parameters (AddParameter): Name = "Datasheet Link"; Value = "https://componentsearchengine.com/Datasheets/2/USB4500-03-0-A.pdf"; VariantName = "[No Variations]"
Change component parameters (AddParameter): Name = "Manufacturer_Name"; Value = "GCT (GLOBAL CONNECTOR TECHNOLOGY)"; VariantName = "[No Variations]"
Change component parameters (AddParameter): Name = "Manufacturer_Part_Number"; Value = "USB4500-03-0-A"; VariantName = "[No Variations]"
Change component parameters (AddParameter): Name = "Mouser Part Number"; Value = "640-USB4500030A"; VariantName = "[No Variations]"
Change component parameters (AddParameter): Name = "Mouser Price/Stock"; Value = "https://www.mouser.co.uk/ProductDetail/GCT/USB4500-03-0-A?qs=7D1LtPJG0i2mVyw7UtV%2FkQ%3D%3D"; VariantName = "[No Variations]"
Change component parameters: Designator = "S1" ("S1"); Footprint = "PTS810SJG250SMTRLFS"; UniqueID = "\LETKUZTL" ("\LETKUZTL")
Change component parameters (AddParameter): Name = "Arrow Part Number"; Value = ""; VariantName = "[No Variations]"
Change component parameters (AddParameter): Name = "Arrow Price/Stock"; Value = ""; VariantName = "[No Variations]"
Change component parameters (AddParameter): Name = "Datasheet Link"; Value = "https://www.nidec-copal-electronics.com/e/catalog/switch/cl-sb.pdf"; VariantName = "[No Variations]"
Change component parameters (AddParameter): Name = "Height"; Value = "5.5mm"; VariantName = "[No Variations]"
Change component parameters (AddParameter): Name = "Manufacturer_Name"; Value = "Nidec Copal"; VariantName = "[No Variations]"
Change component parameters (AddParameter): Name = "Manufacturer_Part_Number"; Value = "CL-SB-22B-01T"; VariantName = "[No Variations]"
Change component parameters (AddParameter): Name = "Mouser Part Number"; Value = "229-CL-SB-22B-01T"; VariantName = "[No Variations]"
Change component parameters (AddParameter): Name = "Mouser Price/Stock"; Value = "https://www.mouser.co.uk/ProductDetail/Nidec-Components/CL-SB-22B-01T?qs=XeJtXLiO41T0x7ZRpBUZfA%3D%3D"; VariantName = "[No Variations]"
Added Component: Designator=C32(C 0402)
Added Component: Designator=C33(C 0402)
Added Component: Designator=C34(C 0402)
Added Component: Designator=C35(C 0603)
Added Component: Designator=C36(C 1206)
Added Component: Designator=C37(C 0402)
Added Component: Designator=D3(LESD5D50CT1G)
Add component (AddParameter): Name = "Arrow Part Number"; Value = ""; VariantName = "[No Variations]"
Add component (AddParameter): Name = "Arrow Price/Stock"; Value = ""; VariantName = "[No Variations]"
Add component (AddParameter): Name = "Datasheet Link"; Value = ""; VariantName = "[No Variations]"
Add component (AddParameter): Name = "Height"; Value = "0.7mm"; VariantName = "[No Variations]"
Add component (AddParameter): Name = "Manufacturer_Name"; Value = "LRC"; VariantName = "[No Variations]"
Add component (AddParameter): Name = "Manufacturer_Part_Number"; Value = "LESD5D5.0CT1G"; VariantName = "[No Variations]"
Add component (AddParameter): Name = "Mouser Part Number"; Value = ""; VariantName = "[No Variations]"
Add component (AddParameter): Name = "Mouser Price/Stock"; Value = ""; VariantName = "[No Variations]"
Added Component: Designator=D4(LESD5D50CT1G)
Add component (AddParameter): Name = "Arrow Part Number"; Value = ""; VariantName = "[No Variations]"
Add component (AddParameter): Name = "Arrow Price/Stock"; Value = ""; VariantName = "[No Variations]"
Add component (AddParameter): Name = "Datasheet Link"; Value = ""; VariantName = "[No Variations]"
Add component (AddParameter): Name = "Height"; Value = "0.7mm"; VariantName = "[No Variations]"
Add component (AddParameter): Name = "Manufacturer_Name"; Value = "LRC"; VariantName = "[No Variations]"
Add component (AddParameter): Name = "Manufacturer_Part_Number"; Value = "LESD5D5.0CT1G"; VariantName = "[No Variations]"
Add component (AddParameter): Name = "Mouser Part Number"; Value = ""; VariantName = "[No Variations]"
Add component (AddParameter): Name = "Mouser Price/Stock"; Value = ""; VariantName = "[No Variations]"
Added Component: Designator=D5(LESD5D50CT1G)
Add component (AddParameter): Name = "Arrow Part Number"; Value = ""; VariantName = "[No Variations]"
Add component (AddParameter): Name = "Arrow Price/Stock"; Value = ""; VariantName = "[No Variations]"
Add component (AddParameter): Name = "Datasheet Link"; Value = ""; VariantName = "[No Variations]"
Add component (AddParameter): Name = "Height"; Value = "0.7mm"; VariantName = "[No Variations]"
Add component (AddParameter): Name = "Manufacturer_Name"; Value = "LRC"; VariantName = "[No Variations]"
Add component (AddParameter): Name = "Manufacturer_Part_Number"; Value = "LESD5D5.0CT1G"; VariantName = "[No Variations]"
Add component (AddParameter): Name = "Mouser Part Number"; Value = ""; VariantName = "[No Variations]"
Add component (AddParameter): Name = "Mouser Price/Stock"; Value = ""; VariantName = "[No Variations]"
Added Component: Designator=D6(LESD5D50CT1G)
Add component (AddParameter): Name = "Arrow Part Number"; Value = ""; VariantName = "[No Variations]"
Add component (AddParameter): Name = "Arrow Price/Stock"; Value = ""; VariantName = "[No Variations]"
Add component (AddParameter): Name = "Datasheet Link"; Value = ""; VariantName = "[No Variations]"
Add component (AddParameter): Name = "Height"; Value = "0.7mm"; VariantName = "[No Variations]"
Add component (AddParameter): Name = "Manufacturer_Name"; Value = "LRC"; VariantName = "[No Variations]"
Add component (AddParameter): Name = "Manufacturer_Part_Number"; Value = "LESD5D5.0CT1G"; VariantName = "[No Variations]"
Add component (AddParameter): Name = "Mouser Part Number"; Value = ""; VariantName = "[No Variations]"
Add component (AddParameter): Name = "Mouser Price/Stock"; Value = ""; VariantName = "[No Variations]"
Added Component: Designator=D7(LED 0603 BLUE)
Added Component: Designator=D8(LESD5D50CT1G)
Add component (AddParameter): Name = "Arrow Part Number"; Value = ""; VariantName = "[No Variations]"
Add component (AddParameter): Name = "Arrow Price/Stock"; Value = ""; VariantName = "[No Variations]"
Add component (AddParameter): Name = "Datasheet Link"; Value = ""; VariantName = "[No Variations]"
Add component (AddParameter): Name = "Height"; Value = "0.7mm"; VariantName = "[No Variations]"
Add component (AddParameter): Name = "Manufacturer_Name"; Value = "LRC"; VariantName = "[No Variations]"
Add component (AddParameter): Name = "Manufacturer_Part_Number"; Value = "LESD5D5.0CT1G"; VariantName = "[No Variations]"
Add component (AddParameter): Name = "Mouser Part Number"; Value = ""; VariantName = "[No Variations]"
Add component (AddParameter): Name = "Mouser Price/Stock"; Value = ""; VariantName = "[No Variations]"
Added Component: Designator=D9(LESD5D50CT1G)
Add component (AddParameter): Name = "Arrow Part Number"; Value = ""; VariantName = "[No Variations]"
Add component (AddParameter): Name = "Arrow Price/Stock"; Value = ""; VariantName = "[No Variations]"
Add component (AddParameter): Name = "Datasheet Link"; Value = ""; VariantName = "[No Variations]"
Add component (AddParameter): Name = "Height"; Value = "0.7mm"; VariantName = "[No Variations]"
Add component (AddParameter): Name = "Manufacturer_Name"; Value = "LRC"; VariantName = "[No Variations]"
Add component (AddParameter): Name = "Manufacturer_Part_Number"; Value = "LESD5D5.0CT1G"; VariantName = "[No Variations]"
Add component (AddParameter): Name = "Mouser Part Number"; Value = ""; VariantName = "[No Variations]"
Add component (AddParameter): Name = "Mouser Price/Stock"; Value = ""; VariantName = "[No Variations]"
Added Component: Designator=D10(LESD5D50CT1G)
Add component (AddParameter): Name = "Arrow Part Number"; Value = ""; VariantName = "[No Variations]"
Add component (AddParameter): Name = "Arrow Price/Stock"; Value = ""; VariantName = "[No Variations]"
Add component (AddParameter): Name = "Datasheet Link"; Value = ""; VariantName = "[No Variations]"
Add component (AddParameter): Name = "Height"; Value = "0.7mm"; VariantName = "[No Variations]"
Add component (AddParameter): Name = "Manufacturer_Name"; Value = "LRC"; VariantName = "[No Variations]"
Add component (AddParameter): Name = "Manufacturer_Part_Number"; Value = "LESD5D5.0CT1G"; VariantName = "[No Variations]"
Add component (AddParameter): Name = "Mouser Part Number"; Value = ""; VariantName = "[No Variations]"
Add component (AddParameter): Name = "Mouser Price/Stock"; Value = ""; VariantName = "[No Variations]"
Added Component: Designator=IC6(SOD2513X120N)
Add component (AddParameter): Name = "Arrow Part Number"; Value = ""; VariantName = "[No Variations]"
Add component (AddParameter): Name = "Arrow Price/Stock"; Value = ""; VariantName = "[No Variations]"
Add component (AddParameter): Name = "Datasheet Link"; Value = "https://www.diodes.com/assets/Datasheets/ds30498.pdf"; VariantName = "[No Variations]"
Add component (AddParameter): Name = "Height"; Value = "1.2mm"; VariantName = "[No Variations]"
Add component (AddParameter): Name = "Manufacturer_Name"; Value = "Lattice Semiconductor"; VariantName = "[No Variations]"
Add component (AddParameter): Name = "Manufacturer_Part_Number"; Value = "BAT760-7"; VariantName = "[No Variations]"
Add component (AddParameter): Name = "Mouser Part Number"; Value = "N/A"; VariantName = "[No Variations]"
Add component (AddParameter): Name = "Mouser Price/Stock"; Value = "https://www.mouser.com/Search/Refine.aspx?Keyword=N%2FA"; VariantName = "[No Variations]"
Added Component: Designator=IC9(SOD2513X120N)
Add component (AddParameter): Name = "Arrow Part Number"; Value = ""; VariantName = "[No Variations]"
Add component (AddParameter): Name = "Arrow Price/Stock"; Value = ""; VariantName = "[No Variations]"
Add component (AddParameter): Name = "Datasheet Link"; Value = "https://www.diodes.com/assets/Datasheets/ds30498.pdf"; VariantName = "[No Variations]"
Add component (AddParameter): Name = "Height"; Value = "1.2mm"; VariantName = "[No Variations]"
Add component (AddParameter): Name = "Manufacturer_Name"; Value = "Lattice Semiconductor"; VariantName = "[No Variations]"
Add component (AddParameter): Name = "Manufacturer_Part_Number"; Value = "BAT760-7"; VariantName = "[No Variations]"
Add component (AddParameter): Name = "Mouser Part Number"; Value = "N/A"; VariantName = "[No Variations]"
Add component (AddParameter): Name = "Mouser Price/Stock"; Value = "https://www.mouser.com/Search/Refine.aspx?Keyword=N%2FA"; VariantName = "[No Variations]"
Added Component: Designator=IC10(BMI323)
Add component (AddParameter): Name = "Arrow Part Number"; Value = "BMI323"; VariantName = "[No Variations]"
Add component (AddParameter): Name = "Arrow Price/Stock"; Value = "https://www.arrow.com/en/products/bmi323/bosch?utm_currency=USD&region=nac"; VariantName = "[No Variations]"
Add component (AddParameter): Name = "Datasheet Link"; Value = "https://www.bosch-sensortec.com/media/boschsensortec/downloads/datasheets/bst-bmi323-ds000.pdf"; VariantName = "[No Variations]"
Add component (AddParameter): Name = "Height"; Value = "0.87mm"; VariantName = "[No Variations]"
Add component (AddParameter): Name = "Manufacturer_Name"; Value = "BOSCH"; VariantName = "[No Variations]"
Add component (AddParameter): Name = "Manufacturer_Part_Number"; Value = "BMI323"; VariantName = "[No Variations]"
Add component (AddParameter): Name = "Mouser Part Number"; Value = "262-BMI323"; VariantName = "[No Variations]"
Add component (AddParameter): Name = "Mouser Price/Stock"; Value = "https://www.mouser.co.uk/ProductDetail/Bosch-Sensortec/BMI323?qs=By6Nw2ByBD3%2FE1v0UqNQPQ%3D%3D"; VariantName = "[No Variations]"
Added Component: Designator=IC11(BMI323)
Add component (AddParameter): Name = "Arrow Part Number"; Value = "BMI323"; VariantName = "[No Variations]"
Add component (AddParameter): Name = "Arrow Price/Stock"; Value = "https://www.arrow.com/en/products/bmi323/bosch?utm_currency=USD&region=nac"; VariantName = "[No Variations]"
Add component (AddParameter): Name = "Datasheet Link"; Value = "https://www.bosch-sensortec.com/media/boschsensortec/downloads/datasheets/bst-bmi323-ds000.pdf"; VariantName = "[No Variations]"
Add component (AddParameter): Name = "Height"; Value = "0.87mm"; VariantName = "[No Variations]"
Add component (AddParameter): Name = "Manufacturer_Name"; Value = "BOSCH"; VariantName = "[No Variations]"
Add component (AddParameter): Name = "Manufacturer_Part_Number"; Value = "BMI323"; VariantName = "[No Variations]"
Add component (AddParameter): Name = "Mouser Part Number"; Value = "262-BMI323"; VariantName = "[No Variations]"
Add component (AddParameter): Name = "Mouser Price/Stock"; Value = "https://www.mouser.co.uk/ProductDetail/Bosch-Sensortec/BMI323?qs=By6Nw2ByBD3%2FE1v0UqNQPQ%3D%3D"; VariantName = "[No Variations]"
Added Component: Designator=IC12(SOT95P280X145-5N)
Add component (AddParameter): Name = "Arrow Part Number"; Value = "INA180A2IDBVR"; VariantName = "[No Variations]"
Add component (AddParameter): Name = "Arrow Price/Stock"; Value = "https://www.arrow.com/en/products/ina180a2idbvr/texas-instruments?utm_currency=USD&region=nac"; VariantName = "[No Variations]"
Add component (AddParameter): Name = "Datasheet Link"; Value = "http://www.ti.com/lit/ds/symlink/ina180.pdf"; VariantName = "[No Variations]"
Add component (AddParameter): Name = "Height"; Value = "1.45mm"; VariantName = "[No Variations]"
Add component (AddParameter): Name = "Manufacturer_Name"; Value = "Texas Instruments"; VariantName = "[No Variations]"
Add component (AddParameter): Name = "Manufacturer_Part_Number"; Value = "INA180A2IDBVR"; VariantName = "[No Variations]"
Add component (AddParameter): Name = "Mouser Part Number"; Value = "595-INA180A2IDBVR"; VariantName = "[No Variations]"
Add component (AddParameter): Name = "Mouser Price/Stock"; Value = "https://www.mouser.co.uk/ProductDetail/Texas-Instruments/INA180A2IDBVR?qs=5aG0NVq1C4wYcJfa99BoHg%3D%3D"; VariantName = "[No Variations]"
Added Component: Designator=IC13(SOT95P280X145-5N)
Add component (AddParameter): Name = "Arrow Part Number"; Value = "INA180A2IDBVR"; VariantName = "[No Variations]"
Add component (AddParameter): Name = "Arrow Price/Stock"; Value = "https://www.arrow.com/en/products/ina180a2idbvr/texas-instruments?utm_currency=USD&region=nac"; VariantName = "[No Variations]"
Add component (AddParameter): Name = "Datasheet Link"; Value = "http://www.ti.com/lit/ds/symlink/ina180.pdf"; VariantName = "[No Variations]"
Add component (AddParameter): Name = "Height"; Value = "1.45mm"; VariantName = "[No Variations]"
Add component (AddParameter): Name = "Manufacturer_Name"; Value = "Texas Instruments"; VariantName = "[No Variations]"
Add component (AddParameter): Name = "Manufacturer_Part_Number"; Value = "INA180A2IDBVR"; VariantName = "[No Variations]"
Add component (AddParameter): Name = "Mouser Part Number"; Value = "595-INA180A2IDBVR"; VariantName = "[No Variations]"
Add component (AddParameter): Name = "Mouser Price/Stock"; Value = "https://www.mouser.co.uk/ProductDetail/Texas-Instruments/INA180A2IDBVR?qs=5aG0NVq1C4wYcJfa99BoHg%3D%3D"; VariantName = "[No Variations]"
Added Component: Designator=IC14(ADS1115IRUGR)
Add component (AddParameter): Name = "Arrow Part Number"; Value = "ADS1115IRUGR"; VariantName = "[No Variations]"
Add component (AddParameter): Name = "Arrow Price/Stock"; Value = "https://www.arrow.com/en/products/ads1115irugr/texas-instruments?region=nac"; VariantName = "[No Variations]"
Add component (AddParameter): Name = "Datasheet Link"; Value = "https://www.ti.com/lit/ds/symlink/ads1115.pdf?ts=1601235703022&ref_url=https%253A%252F%252Fwww.ti.com%252Fproduct%252FADS1115%253FkeyMatch%253DADS1115IRUGR%2526tisearch%253DSearch-EN-everything%2526usecase%253DOPN"; VariantName = "[No Variations]"
Add component (AddParameter): Name = "Height"; Value = "0.4mm"; VariantName = "[No Variations]"
Add component (AddParameter): Name = "Manufacturer_Name"; Value = "Texas Instruments"; VariantName = "[No Variations]"
Add component (AddParameter): Name = "Manufacturer_Part_Number"; Value = "ADS1115IRUGR"; VariantName = "[No Variations]"
Add component (AddParameter): Name = "Mouser Part Number"; Value = "595-ADS1115IRUGR"; VariantName = "[No Variations]"
Add component (AddParameter): Name = "Mouser Price/Stock"; Value = "https://www.mouser.co.uk/ProductDetail/Texas-Instruments/ADS1115IRUGR?qs=IK5e5L0zOXhqw%2F8AHSSbuA%3D%3D"; VariantName = "[No Variations]"
Added Component: Designator=J5(09185066324)
Add component (AddParameter): Name = "Arrow Part Number"; Value = "09185066324"; VariantName = "[No Variations]"
Add component (AddParameter): Name = "Arrow Price/Stock"; Value = "https://www.arrow.com/en/products/09185066324/harting?utm_currency=USD&region=europe"; VariantName = "[No Variations]"
Add component (AddParameter): Name = "Datasheet Link"; Value = "https://b2b.harting.com/files/download/PRD/PDF_DS/PDF_DS_09185066324_EN.pdf"; VariantName = "[No Variations]"
Add component (AddParameter): Name = "Manufacturer_Name"; Value = "HARTING"; VariantName = "[No Variations]"
Add component (AddParameter): Name = "Manufacturer_Part_Number"; Value = "09185066324"; VariantName = "[No Variations]"
Add component (AddParameter): Name = "Mouser Part Number"; Value = "617-09185066324"; VariantName = "[No Variations]"
Add component (AddParameter): Name = "Mouser Price/Stock"; Value = "https://www.mouser.co.uk/ProductDetail/HARTING/09185066324?qs=qa49y27LPCE%2F3ZplMsKEeQ%3D%3D"; VariantName = "[No Variations]"
Added Component: Designator=J6(BM06BSRSSTBLFSN)
Add component (AddParameter): Name = "Arrow Part Number"; Value = "BM06B-SRSS-TB(LF)(SN)"; VariantName = "[No Variations]"
Add component (AddParameter): Name = "Arrow Price/Stock"; Value = "https://www.arrow.com/en/products/bm06b-srss-tb-lf-sn/jst-manufacturing?region=europe"; VariantName = "[No Variations]"
Add component (AddParameter): Name = "Datasheet Link"; Value = "http://www.jst-mfg.com/product/pdf/eng/eSR.pdf"; VariantName = "[No Variations]"
Add component (AddParameter): Name = "Height"; Value = "4.25mm"; VariantName = "[No Variations]"
Add component (AddParameter): Name = "Manufacturer_Name"; Value = "JST (JAPAN SOLDERLESS TERMINALS)"; VariantName = "[No Variations]"
Add component (AddParameter): Name = "Manufacturer_Part_Number"; Value = "BM06B-SRSS-TB(LF)(SN)"; VariantName = "[No Variations]"
Add component (AddParameter): Name = "Mouser Part Number"; Value = "N/A"; VariantName = "[No Variations]"
Add component (AddParameter): Name = "Mouser Price/Stock"; Value = "https://www.mouser.co.uk/ProductDetail/JST-Commercial/BM06B-SRSS-TBLFSN?qs=IKkN%2F947nfAcbKIXx%2F1kIg%3D%3D"; VariantName = "[No Variations]"
Added Component: Designator=J7(BM06BSRSSTBLFSN)
Add component (AddParameter): Name = "Arrow Part Number"; Value = "BM06B-SRSS-TB(LF)(SN)"; VariantName = "[No Variations]"
Add component (AddParameter): Name = "Arrow Price/Stock"; Value = "https://www.arrow.com/en/products/bm06b-srss-tb-lf-sn/jst-manufacturing?region=europe"; VariantName = "[No Variations]"
Add component (AddParameter): Name = "Datasheet Link"; Value = "http://www.jst-mfg.com/product/pdf/eng/eSR.pdf"; VariantName = "[No Variations]"
Add component (AddParameter): Name = "Height"; Value = "4.25mm"; VariantName = "[No Variations]"
Add component (AddParameter): Name = "Manufacturer_Name"; Value = "JST (JAPAN SOLDERLESS TERMINALS)"; VariantName = "[No Variations]"
Add component (AddParameter): Name = "Manufacturer_Part_Number"; Value = "BM06B-SRSS-TB(LF)(SN)"; VariantName = "[No Variations]"
Add component (AddParameter): Name = "Mouser Part Number"; Value = "N/A"; VariantName = "[No Variations]"
Add component (AddParameter): Name = "Mouser Price/Stock"; Value = "https://www.mouser.co.uk/ProductDetail/JST-Commercial/BM06B-SRSS-TBLFSN?qs=IKkN%2F947nfAcbKIXx%2F1kIg%3D%3D"; VariantName = "[No Variations]"
Added Component: Designator=Q1(DFN 5x6)
Added Component: Designator=R18(R 0402)
Added Component: Designator=R19(R 0402)
Added Component: Designator=R20(R 0402)
Added Component: Designator=R21(R 0402)
Added Component: Designator=R22(R 1206)
Added Component: Designator=R23(R 1206)
Added Component: Designator=R24(R 0402)
Added Pin To Net: NetName=5V Pin=C2-1
Added Pin To Net: NetName=GND Pin=C3-1
Added Pin To Net: NetName=3.3V Pin=C3-2
Added Pin To Net: NetName=GND Pin=C4-1
Added Pin To Net: NetName=3.3V Pin=C4-2
Added Pin To Net: NetName=3.3V Pin=C5-1
Added Pin To Net: NetName=3.3V Pin=C6-1
Added Pin To Net: NetName=5V Pin=C7-1
Added Pin To Net: NetName=5V Pin=C8-1
Added Pin To Net: NetName=3.3V Pin=C9-1
Added Pin To Net: NetName=3.3V Pin=C10-1
Added Pin To Net: NetName=3.3V Pin=C27-1
Added Pin To Net: NetName=3.3V Pin=C28-1
Added Pin To Net: NetName=12V Pin=C30-1
Added Pin To Net: NetName=12V Pin=C31-1
Added Pin To Net: NetName=3.3V Pin=C32-1
Added Pin To Net: NetName=GND Pin=C32-2
Added Pin To Net: NetName=3.3V Pin=C33-1
Added Pin To Net: NetName=GND Pin=C33-2
Added Pin To Net: NetName=3.3V Pin=C34-1
Added Pin To Net: NetName=GND Pin=C34-2
Added Pin To Net: NetName=12V Pin=C35-1
Added Pin To Net: NetName=GND Pin=C35-2
Added Pin To Net: NetName=12V Pin=C36-1
Added Pin To Net: NetName=GND Pin=C36-2
Added Pin To Net: NetName=3.3V Pin=C37-1
Added Pin To Net: NetName=GND Pin=C37-2
Added Pin To Net: NetName=GND Pin=D3-1
Added Pin To Net: NetName=USB_D+ Pin=D3-2
Added Pin To Net: NetName=GND Pin=D4-1
Added Pin To Net: NetName=USB_D- Pin=D4-2
Added Pin To Net: NetName=GND Pin=D5-1
Added Pin To Net: NetName=GND Pin=D6-1
Added Pin To Net: NetName=5V Pin=D7-1
Added Pin To Net: NetName=GND Pin=D8-1
Added Pin To Net: NetName=USB_D- Pin=D8-2
Added Pin To Net: NetName=GND Pin=D9-1
Added Pin To Net: NetName=USB_D+ Pin=D9-2
Added Pin To Net: NetName=GND Pin=D10-1
Added Pin To Net: NetName=GND Pin=IC2-3
Added Pin To Net: NetName=Battery Pin=IC2-4
Added Pin To Net: NetName=GPIO3 Pin=IC2-5
Added Pin To Net: NetName=GPIO2 Pin=IC2-6
Added Pin To Net: NetName=GPIO1 Pin=IC2-7
Added Pin To Net: NetName=3.3V Pin=IC2-8
Added Pin To Net: NetName=SDA Pin=IC2-9
Added Pin To Net: NetName=SCL Pin=IC2-10
Added Pin To Net: NetName=PWM5 Pin=IC3-2
Added Pin To Net: NetName=PWM6 Pin=IC3-3
Added Pin To Net: NetName=PWM3 Pin=IC4-2
Added Pin To Net: NetName=PWM4 Pin=IC4-3
Added Pin To Net: NetName=5V Pin=IC6-1
Added Pin To Net: NetName=5V Pin=IC9-1
Added Pin To Net: NetName=3.3V Pin=IC10-5
Added Pin To Net: NetName=GND Pin=IC10-6
Added Pin To Net: NetName=GND Pin=IC10-7
Added Pin To Net: NetName=3.3V Pin=IC10-8
Added Pin To Net: NetName=SCL Pin=IC10-13
Added Pin To Net: NetName=SDA Pin=IC10-14
Added Pin To Net: NetName=3.3V Pin=IC11-5
Added Pin To Net: NetName=GND Pin=IC11-6
Added Pin To Net: NetName=GND Pin=IC11-7
Added Pin To Net: NetName=3.3V Pin=IC11-8
Added Pin To Net: NetName=SCL Pin=IC11-13
Added Pin To Net: NetName=SDA Pin=IC11-14
Added Pin To Net: NetName=GND Pin=IC12-2
Added Pin To Net: NetName=GND Pin=IC12-4
Added Pin To Net: NetName=3.3V Pin=IC12-5
Added Pin To Net: NetName=GND Pin=IC13-2
Added Pin To Net: NetName=GND Pin=IC13-4
Added Pin To Net: NetName=3.3V Pin=IC13-5
Added Pin To Net: NetName=GND Pin=IC14-1
Added Pin To Net: NetName=GND Pin=IC14-3
Added Pin To Net: NetName=GPIO7 Pin=IC14-4
Added Pin To Net: NetName=GPIO6 Pin=IC14-5
Added Pin To Net: NetName=GPIO5 Pin=IC14-6
Added Pin To Net: NetName=GPIO4 Pin=IC14-7
Added Pin To Net: NetName=3.3V Pin=IC14-8
Added Pin To Net: NetName=SDA Pin=IC14-9
Added Pin To Net: NetName=SCL Pin=IC14-10
Added Pin To Net: NetName=USB_D- Pin=J1-2
Added Pin To Net: NetName=USB_D+ Pin=J1-3
Added Pin To Net: NetName=GND Pin=J1-5
Added Pin To Net: NetName=GND Pin=J1-MP1
Added Pin To Net: NetName=GND Pin=J1-MP2
Added Pin To Net: NetName=GND Pin=J1-MP3
Added Pin To Net: NetName=GND Pin=J1-MP4
Added Pin To Net: NetName=GND Pin=J1-MP5
Added Pin To Net: NetName=GND Pin=J1-MP6
Added Pin To Net: NetName=GPIO1 Pin=J3-6
Added Pin To Net: NetName=GPIO2 Pin=J3-7
Added Pin To Net: NetName=GPIO3 Pin=J3-8
Added Pin To Net: NetName=GPIO4 Pin=J3-9
Added Pin To Net: NetName=GPIO5 Pin=J3-10
Added Pin To Net: NetName=GPIO6 Pin=J3-11
Added Pin To Net: NetName=GPIO7 Pin=J3-12
Added Pin To Net: NetName=GND Pin=J4-A1
Added Pin To Net: NetName=USB_D+ Pin=J4-A6
Added Pin To Net: NetName=USB_D- Pin=J4-A7
Added Pin To Net: NetName=GND Pin=J4-A12
Added Pin To Net: NetName=USB_D+ Pin=J4-B6
Added Pin To Net: NetName=USB_D- Pin=J4-B7
Added Pin To Net: NetName=GND Pin=J4-MH1
Added Pin To Net: NetName=GND Pin=J4-MH2
Added Pin To Net: NetName=GND Pin=J4-MH3
Added Pin To Net: NetName=GND Pin=J4-MH4
Added Pin To Net: NetName=EN Pin=J5-1
Added Pin To Net: NetName=3.3V Pin=J5-2
Added Pin To Net: NetName=TXD0 Pin=J5-3
Added Pin To Net: NetName=GND Pin=J5-4
Added Pin To Net: NetName=RXD0 Pin=J5-5
Added Pin To Net: NetName=IO0 Pin=J5-6
Added Pin To Net: NetName=3.3V Pin=J6-3
Added Pin To Net: NetName=GND Pin=J6-6
Added Pin To Net: NetName=3.3V Pin=J7-3
Added Pin To Net: NetName=GND Pin=J7-6
Added Pin To Net: NetName=NetCon4_1 Pin=Q1-1
Added Pin To Net: NetName=NetCon4_1 Pin=Q1-2
Added Pin To Net: NetName=NetCon4_1 Pin=Q1-3
Added Pin To Net: NetName=12V Pin=Q1-5_8
Added Pin To Net: NetName=NetCon4_1 Pin=R1-2
Added Pin To Net: NetName=GND Pin=R3-1
Added Pin To Net: NetName=NetIC3_7 Pin=R7-1
Added Pin To Net: NetName=NetIC4_7 Pin=R8-1
Added Pin To Net: NetName=SDA Pin=R14-1
Added Pin To Net: NetName=SCL Pin=R15-1
Added Pin To Net: NetName=3.3V Pin=R16-2
Added Pin To Net: NetName=GND Pin=R17-1
Added Pin To Net: NetName=GND Pin=R18-1
Added Pin To Net: NetName=3.3V Pin=R19-2
Added Pin To Net: NetName=3.3V Pin=R20-2
Added Pin To Net: NetName=3.3V Pin=R21-2
Added Pin To Net: NetName=GND Pin=R22-2
Added Pin To Net: NetName=GND Pin=R23-2
Added Pin To Net: NetName=3.3V Pin=R24-2
Added Pin To Net: NetName=NetCon4_1 Pin=S1-1
Added Pin To Net: NetName=NetCon4_1 Pin=S1-4
Added Pin To Net: NetName=ADC15 Pin=IC1-12
Added Pin To Net: NetName=ADC15 Pin=J3-5
Added Net: Name=ADC15
Added Pin To Net: NetName=I2 Pin=IC12-1
Added Pin To Net: NetName=I2 Pin=IC13-1
Added Net: Name=I2
Added Pin To Net: NetName=M1A Pin=IC1-16
Added Pin To Net: NetName=M1A Pin=J7-5
Added Net: Name=M1A
Added Pin To Net: NetName=M1B Pin=IC1-22
Added Pin To Net: NetName=M1B Pin=J7-4
Added Net: Name=M1B
Added Pin To Net: NetName=M2A Pin=IC1-23
Added Pin To Net: NetName=M2A Pin=J6-5
Added Net: Name=M2A
Added Pin To Net: NetName=M2B Pin=IC1-26
Added Pin To Net: NetName=M2B Pin=J6-4
Added Net: Name=M2B
Added Pin To Net: NetName=NetAC1_12 Pin=AC1-12
Added Pin To Net: NetName=NetAC1_12 Pin=R21-1
Added Net: Name=NetAC1_12
Added Pin To Net: NetName=NetD5_2 Pin=D5-2
Added Pin To Net: NetName=NetD5_2 Pin=IC7-2
Added Pin To Net: NetName=NetD5_2 Pin=J4-A9
Added Net: Name=NetD5_2
Added Pin To Net: NetName=NetD6_2 Pin=D6-2
Added Pin To Net: NetName=NetD6_2 Pin=IC6-2
Added Pin To Net: NetName=NetD6_2 Pin=J4-A4
Added Net: Name=NetD6_2
Added Pin To Net: NetName=NetD7_2 Pin=D7-2
Added Pin To Net: NetName=NetD7_2 Pin=R17-2
Added Net: Name=NetD7_2
Added Pin To Net: NetName=NetD10_2 Pin=D10-2
Added Pin To Net: NetName=NetD10_2 Pin=IC9-2
Added Pin To Net: NetName=NetD10_2 Pin=J1-1
Added Net: Name=NetD10_2
Added Pin To Net: NetName=NetIC2_2 Pin=IC2-2
Added Pin To Net: NetName=NetIC2_2 Pin=R16-1
Added Net: Name=NetIC2_2
Added Pin To Net: NetName=NetIC3_6 Pin=IC3-6
Added Pin To Net: NetName=NetIC3_6 Pin=J6-1
Added Net: Name=NetIC3_6
Added Pin To Net: NetName=NetIC3_8 Pin=IC3-8
Added Pin To Net: NetName=NetIC3_8 Pin=J6-2
Added Net: Name=NetIC3_8
Added Pin To Net: NetName=NetIC4_6 Pin=IC4-6
Added Pin To Net: NetName=NetIC4_6 Pin=J7-1
Added Net: Name=NetIC4_6
Added Pin To Net: NetName=NetIC4_8 Pin=IC4-8
Added Pin To Net: NetName=NetIC4_8 Pin=J7-2
Added Net: Name=NetIC4_8
Added Pin To Net: NetName=NetIC10_12 Pin=IC10-12
Added Pin To Net: NetName=NetIC10_12 Pin=R19-1
Added Net: Name=NetIC10_12
Added Pin To Net: NetName=NetIC11_12 Pin=IC11-12
Added Pin To Net: NetName=NetIC11_12 Pin=R20-1
Added Net: Name=NetIC11_12
Added Pin To Net: NetName=NetIC12_3 Pin=IC12-3
Added Pin To Net: NetName=NetIC12_3 Pin=R7-2
Added Pin To Net: NetName=NetIC12_3 Pin=R22-1
Added Net: Name=NetIC12_3
Added Pin To Net: NetName=NetIC13_3 Pin=IC13-3
Added Pin To Net: NetName=NetIC13_3 Pin=R8-2
Added Pin To Net: NetName=NetIC13_3 Pin=R23-1
Added Net: Name=NetIC13_3
Added Pin To Net: NetName=NetIC14_2 Pin=IC14-2
Added Pin To Net: NetName=NetIC14_2 Pin=R24-1
Added Net: Name=NetIC14_2
Added Pin To Net: NetName=NetJ4_A5 Pin=J4-A5
Added Pin To Net: NetName=NetJ4_A5 Pin=R6-2
Added Net: Name=NetJ4_A5
Added Pin To Net: NetName=NetJ4_B5 Pin=J4-B5
Added Pin To Net: NetName=NetJ4_B5 Pin=R18-2
Added Net: Name=NetJ4_B5
Added Pin To Net: NetName=NetQ1_4 Pin=Q1-4
Added Pin To Net: NetName=NetQ1_4 Pin=R1-1
Added Net: Name=NetQ1_4
Added Pin To Net: NetName=NetR3_2 Pin=R3-2
Added Pin To Net: NetName=NetR3_2 Pin=S1-2
Added Pin To Net: NetName=NetR3_2 Pin=S1-5
Added Net: Name=NetR3_2
Added Class: Name=Interface
Added Class: Name=Sensors
Added Member To Class: ClassName=Drivers Member=Component C35 0.1uF
Added Member To Class: ClassName=Drivers Member=Component C36 47uF
Added Member To Class: ClassName=MCU_LF Member=Component C37 0.1uF
Added Member To Class: ClassName=MCU_LF Member=Component D7 LED BLUE
Added Member To Class: ClassName=MCU_LF Member=Component IC2 ADS1115IRUGR
Added Member To Class: ClassName=Drivers Member=Component IC12 INA180A2IDBVR
Added Member To Class: ClassName=Drivers Member=Component IC13 INA180A2IDBVR
Added Member To Class: ClassName=MCU_LF Member=Component IC14 ADS1115IRUGR
Added Member To Class: ClassName=Drivers Member=Component J6 BM06B-SRSS-TB_LF__SN_
Added Member To Class: ClassName=Drivers Member=Component J7 BM06B-SRSS-TB_LF__SN_
Added Member To Class: ClassName=Power-line Member=Component Q1 AON6403
Added Member To Class: ClassName=Power-line Member=Component R1 100k
Added Member To Class: ClassName=Power-line Member=Component R3 1k
Added Member To Class: ClassName=Drivers Member=Component R22 0.05R
Added Member To Class: ClassName=Drivers Member=Component R23 0.05R
Added Member To Class: ClassName=MCU_LF Member=Component R24 10k
Added Member To Class: ClassName=Power-line Member=Component S1 CL-SB-22B-01T
Added Room: Name=Drivers
Added Room: Name=Interface
Added Room: Name=MCU_LF
Added Room: Name=Power-line
Added Room: Name=Sensors
