Removed Pin From Net: NetName=GND Pin=C3-1
Removed Pin From Net: NetName=3.3V Pin=C3-2
Removed Pin From Net: NetName=3.3V Pin=C29-1
Removed Pin From Net: NetName=GND Pin=C29-2
Removed Pin From Net: NetName=GND Pin=C54-1
Removed Pin From Net: NetName=3.3V Pin=C54-2
Removed Pin From Net: NetName=3.3V Pin=C55-1
Removed Pin From Net: NetName=GND Pin=C55-2
Removed Pin From Net: NetName=3.3V Pin=IC10-5
Removed Pin From Net: NetName=GND Pin=IC10-6
Removed Pin From Net: NetName=GND Pin=IC10-7
Removed Pin From Net: NetName=3.3V Pin=IC10-8
Removed Pin From Net: NetName=SCL Pin=IC10-13
Removed Pin From Net: NetName=SDA Pin=IC10-14
Removed Pin From Net: NetName=3.3V Pin=IC20-5
Removed Pin From Net: NetName=GND Pin=IC20-6
Removed Pin From Net: NetName=GND Pin=IC20-7
Removed Pin From Net: NetName=3.3V Pin=IC20-8
Removed Pin From Net: NetName=SCL Pin=IC20-13
Removed Pin From Net: NetName=SDA Pin=IC20-14
Removed Pin From Net: NetName=3.3V Pin=R19-2
Removed Pin From Net: NetName=3.3V Pin=R43-2
Removed Member From Class: ClassName=U_IMU Member=C3
Removed Member From Class: ClassName=U_IMU Member=C29
Removed Member From Class: ClassName=U_IMU Member=C54
Removed Member From Class: ClassName=U_IMU Member=C55
Removed Member From Class: ClassName=U_IMU Member=IC10
Removed Member From Class: ClassName=U_IMU Member=IC20
Removed Member From Class: ClassName=U_IMU Member=R19
Removed Member From Class: ClassName=U_IMU Member=R43
